[themewagon.github.io/mark/index.html]
[backblue.gif]
[fade.gif]
[index.html]
[themewagon.github.io/mark/css/bootstrap.css]
[themewagon.github.io/mark/css/fontawesome-all.css]
[themewagon.github.io/mark/css/styles.css]
[themewagon.github.io/mark/images/favicon.png]
[themewagon.github.io/mark/images/logo.svg]
[themewagon.github.io/mark/project.html]
[themewagon.github.io/mark/terms.html]
[themewagon.github.io/mark/privacy.html]
[themewagon.github.io/mark/images/details-icon-photoshop.png]
[themewagon.github.io/mark/images/details-icon-illustrator.png]
[themewagon.github.io/mark/images/details-icon-html.png]
[themewagon.github.io/mark/images/details-icon-css.png]
[themewagon.github.io/mark/images/details-icon-bootstrap.png]
[themewagon.github.io/mark/images/details-icon-javascript.png]
[themewagon.github.io/mark/images/project-1.jpg]
[themewagon.github.io/mark/images/project-2.jpg]
[themewagon.github.io/mark/images/project-3.jpg]
[themewagon.github.io/mark/images/project-4.jpg]
[themewagon.github.io/mark/images/work-1.jpg]
[themewagon.github.io/mark/images/work-2.jpg]
[themewagon.github.io/mark/images/work-3.jpg]
[themewagon.github.io/mark/images/work-4.jpg]
[themewagon.github.io/mark/images/work-5.jpg]
[themewagon.github.io/mark/images/work-6.jpg]
[themewagon.github.io/mark/images/testimonial-1.jpg]
[themewagon.github.io/mark/images/testimonial-2.jpg]
[themewagon.github.io/mark/images/testimonial-3.jpg]
[themewagon.github.io/mark/js/jquery.min.js]
[themewagon.github.io/mark/js/bootstrap.min.js]
[themewagon.github.io/mark/js/jquery.easing.min.js]
[themewagon.github.io/mark/js/scripts.js]
[themewagon.github.io/mark/index.html]
[themewagon.github.io/mark/css/bootstrap.css]
[themewagon.github.io/mark/webfonts/fa-brands-400.eot]
[themewagon.github.io/mark/webfonts/fa-brands-400d41d.eot]
[themewagon.github.io/mark/webfonts/fa-brands-400.woff2]
[themewagon.github.io/mark/webfonts/fa-brands-400.woff]
[themewagon.github.io/mark/webfonts/fa-brands-400.ttf]
[themewagon.github.io/mark/webfonts/fa-brands-400.svg]
[themewagon.github.io/mark/webfonts/fa-regular-400.eot]
[themewagon.github.io/mark/webfonts/fa-regular-400d41d.eot]
[themewagon.github.io/mark/webfonts/fa-regular-400.woff2]
[themewagon.github.io/mark/webfonts/fa-regular-400.woff]
[themewagon.github.io/mark/webfonts/fa-regular-400.ttf]
[themewagon.github.io/mark/webfonts/fa-regular-400.svg]
[themewagon.github.io/mark/webfonts/fa-solid-900.eot]
[themewagon.github.io/mark/webfonts/fa-solid-900d41d.eot]
[themewagon.github.io/mark/webfonts/fa-solid-900.woff2]
[themewagon.github.io/mark/webfonts/fa-solid-900.woff]
[themewagon.github.io/mark/webfonts/fa-solid-900.ttf]
[themewagon.github.io/mark/css/fontawesome-all.css]
[themewagon.github.io/mark/webfonts/fa-solid-900.svg]
[themewagon.github.io/mark/images/down-arrow.png]
[themewagon.github.io/mark/images/header-background.jpg]
[themewagon.github.io/mark/images/details-background.jpg]
[themewagon.github.io/mark/images/up-arrow.png]
[themewagon.github.io/mark/css/styles.css]
[themewagon.github.io/mark/images/logo.svg]
[themewagon.github.io/mark/images/project-details-large.jpg]
[themewagon.github.io/mark/images/project-details-small.jpg]
[themewagon.github.io/mark/project.html]
[themewagon.github.io/mark/terms.html]
[themewagon.github.io/mark/privacy.html]
[themewagon.github.io/mark/webfonts/fa-brands-400.svg]
[themewagon.github.io/mark/webfonts/fa-regular-400.svg]
[themewagon.github.io/mark/webfonts/fa-solid-900.svg]
